// Jest Snapshot v1, https://goo.gl/fbAQLP

exports[`CharityDonateBox renders 1`] = `
<div>
  <div>
    <p>
      Donate now
    </p>
  </div>
  <div>
    <Grid>
      <div
        className="equal width row"
      >
        <div
          className="ten wide column"
        >
          <h3
            className="ui header"
          >
            <div
              className="content"
            >
              Donate to Charity name
              <div
                className="sub header"
              >
                Charity short description
              </div>
            </div>
          </h3>
        </div>
        <div
          className="six wide column"
        >
          <Button
            as="button"
            className="donate ui right floated"
            color="orange"
          >
            Donate
          </Button>
        </div>
      </div>
    </Grid>
    <h3>
      Total raised: $132,619
    </h3>
  </div>
</div>
`;
