// Jest Snapshot v1, https://goo.gl/fbAQLP

exports[`Charity renders 1`] = `
<AppLayout>
  <Video
    id="374481280"
    title="breast friends"
  />
  <div
    style={
      Object {
        "padding": 24,
      }
    }
  >
    <Grid
      columns={2}
    >
      <GridColumn
        width={10}
      >
        <CharityMetadata />
        <CharityInfoBox />
      </GridColumn>
      <GridColumn
        floated="right"
        width={6}
      >
        <div>
          <CharityDonateBox />
          <RelatedCharities />
        </div>
      </GridColumn>
    </Grid>
  </div>
</AppLayout>
`;
