// Jest Snapshot v1, https://goo.gl/fbAQLP

exports[`FeatureVideoText renders 1`] = `
<div>
  <div>
    <div>
      <h1>
        Videos that engage
      </h1>
      <p>
        The most effective way to get people engaged and sharing online is through a great story with a great video. This is why givngo focuses on helping members create videos that tell their story in a way that creates action. Our in house team of video creators and success managers are always ready to givngo!
      </p>
    </div>
    <div>
      <FeatureVideo
        id="2F371994595"
        title="Save the Children, Who We Are"
      />
    </div>
  </div>
</div>
`;
