// Jest Snapshot v1, https://goo.gl/fbAQLP

exports[`FeatureForm renders 1`] = `
<div>
  <div>
    <h2>
      Increase your
      <br />
      charity donations
    </h2>
    <div>
      Leave your contact information below, and we'll be in touch soon to help you get started
    </div>
    <form
      id="contact-form"
      method="post"
      name="email-form"
    >
      <label
        htmlFor="name-2"
      >
        Name
        <input
          className=" "
          id="name-2"
          maxLength="256"
          name="name"
          placeholder="Name"
          type="text"
        />
      </label>
      <label
        htmlFor="email-2"
      >
        Email Address
        <input
          className=" "
          id="email-2"
          maxLength="256"
          name="email"
          placeholder="Email Address"
          type="email"
        />
      </label>
      <input
        className=" "
        data-wait="Please wait..."
        id="contact-form-btnSubmit"
        type="submit"
        value="get started"
      />
    </form>
    <div>
      <div>
        Thank you! We will contact you soon!
      </div>
    </div>
    <div>
      <div>
        Oops! Something went wrong while submitting the contact information, please try again.
      </div>
    </div>
  </div>
</div>
`;
