// Jest Snapshot v1, https://goo.gl/fbAQLP

exports[`FeatureVideo render with props 1`] = `
<div>
  <div>
    <iframe
      allow="autoplay; encrypted-media;"
      allowFullScreen={true}
      frameBorder="0"
      height="100%"
      left="0"
      scrolling="no"
      src="https://cdn.embedly.com/widgets/media.html?src=https%3A%2F%2Fplayer.vimeo.com%2Fvideo%2F371994595%3Fapp_id%3D122963&dntp=1&url=https%3A%2F%2Fplayer.vimeo.com%2Fvideo%2F371994595&key=96f1f04c5f4143bcb0f2e68c87d65feb&type=text%2Fhtml&schema=vimeo"
      title="Save the Children, Who We Are"
      top="0"
      width="100%"
    />
  </div>
</div>
`;

exports[`FeatureVideo renders without props 1`] = `""`;
