// Jest Snapshot v1, https://goo.gl/fbAQLP

exports[`FeatureFormSection renders 1`] = `
<div
  id="Form-section"
>
  <div>
    <div>
      <div>
        <h1>
          Marketing and Publishing
        </h1>
        <p>
          We will publish your videos and ads to the highest converting audiences possible. We format videos to fit all major platforms like Facebook, Google, Youtube, Vimeo, Instagram and custom sites. Givngo success managers create highly targeted campaigns that provide live feedback maximizing your marketing ROI.
        </p>
        <ul>
          <li>
            <div>
              We create videos, ads, promotions
            </div>
          </li>
          <li>
            <div>
              Run targeted marketing campaigns
            </div>
          </li>
          <li>
            <div>
              Grow your charity donations
            </div>
          </li>
        </ul>
        <div>
          <img
            alt="right-arrow"
            src="https://givngo.io/wp-content/themes/givngo/images/right-arrow-1.svg"
            width="60"
          />
        </div>
      </div>
      <FeatureForm />
    </div>
  </div>
</div>
`;
