// Jest Snapshot v1, https://goo.gl/fbAQLP

exports[`CharityPreview renders 1`] = `
<div
  className="charity-preview"
>
  <div
    className="image-container"
  >
    <Image
      as="img"
      src="http://via.placeholder.com/210x118"
      ui={true}
    />
    <div
      className="time-label"
    >
      <span>
        05:22
      </span>
    </div>
    <div
      className="charity-info"
    >
      <div
        className="semi-bold show-max-two-lines"
      >
        Video title
      </div>
      <div
        className="charity-preview-metadata-container"
      >
        <div
          className="charity-title"
        >
          Charity name
        </div>
        <div>
          <span>
            2 days ago
          </span>
        </div>
      </div>
    </div>
  </div>
</div>
`;
