// Jest Snapshot v1, https://goo.gl/fbAQLP

exports[`CharityMetadata renders 1`] = `
<div
  className="metadata"
>
  <h3 />
  <div
    className="stats"
  >
    <span>
      Invalid date
    </span>
    <div
      className="actions"
    >
      <Button
        as="button"
        basic={true}
        icon={true}
        labelPosition="left"
      >
        <Icon
          as="i"
          name="share"
        />
        Share
      </Button>
    </div>
  </div>
  <Divider />
</div>
`;
