// Jest Snapshot v1, https://goo.gl/fbAQLP

exports[`RelatedCharities renders 1`] = `
<div
  className="related-charities"
>
  <CharityPreview
    horizontal={true}
  />
  <CharityPreview
    horizontal={true}
  />
  <CharityPreview
    horizontal={true}
  />
</div>
`;
